#
# There is insufficient memory for the Java Runtime Environment to continue.
# Native memory allocation (mmap) failed to map 1073741824 bytes for G1 virtual space
# Possible reasons:
#   The system is out of physical RAM or swap space
#   The process is running with CompressedOops enabled, and the Java Heap may be blocking the growth of the native heap
# Possible solutions:
#   Reduce memory load on the system
#   Increase physical memory or swap space
#   Check if swap backing store is full
#   Decrease Java heap size (-Xmx/-Xms)
#   Decrease number of Java threads
#   Decrease Java thread stack sizes (-Xss)
#   Set larger code cache with -XX:ReservedCodeCacheSize=
#   JVM is running with Zero Based Compressed Oops mode in which the Java heap is
#     placed in the first 32GB address space. The Java Heap base address is the
#     maximum limit for the native heap growth. Please use -XX:HeapBaseMinAddress
#     to set the Java Heap base and to place the Java Heap above 32GB virtual address.
# This output file may be truncated or incomplete.
#
#  Out of Memory Error (os_windows.cpp:3548), pid=1428, tid=30056
#
# JRE version:  (17.0.12+8) (build )
# Java VM: Java HotSpot(TM) 64-Bit Server VM (17.0.12+8-LTS-286, mixed mode, sharing, tiered, compressed oops, compressed class ptrs, g1 gc, windows-amd64)
# No core dump will be written. Minidumps are not enabled by default on client versions of Windows
#

---------------  S U M M A R Y ------------

Command Line: org.jetbrains.kotlin.cli.jvm.K2JVMCompiler @D:\k\CHMPST_main\node_modules\@invertase\react-native-apple-authentication\android\build\20260108_9924307510797983434.compiler.options

Host: Intel(R) Core(TM) i7-8700 CPU @ 3.20GHz, 12 cores, 63G,  Windows 10 , 64 bit Build 19041 (10.0.19041.1023)
Time: Thu Jan  8 08:36:35 2026 Central Standard Time elapsed time: 0.010019 seconds (0d 0h 0m 0s)

---------------  T H R E A D  ---------------

Current thread (0x000002462d3be210):  JavaThread "Unknown thread" [_thread_in_vm, id=30056, stack(0x000000dcdd300000,0x000000dcdd400000)]

Stack: [0x000000dcdd300000,0x000000dcdd400000]
Native frames: (J=compiled Java code, j=interpreted, Vv=VM code, C=native code)
V  [jvm.dll+0x67a04a]
V  [jvm.dll+0x7da4ed]
V  [jvm.dll+0x7dbe33]
V  [jvm.dll+0x7dc4a3]
V  [jvm.dll+0x24508f]
V  [jvm.dll+0x677089]
V  [jvm.dll+0x66bd32]
V  [jvm.dll+0x301fa6]
V  [jvm.dll+0x309546]
V  [jvm.dll+0x359d2e]
V  [jvm.dll+0x359f5f]
V  [jvm.dll+0x2d9078]
V  [jvm.dll+0x2d9fe4]
V  [jvm.dll+0x7aca21]
V  [jvm.dll+0x367591]
V  [jvm.dll+0x78b999]
V  [jvm.dll+0x3ec83f]
V  [jvm.dll+0x3ee471]
C  [jli.dll+0x5297]
C  [ucrtbase.dll+0x21bb2]
C  [KERNEL32.DLL+0x17034]
C  [ntdll.dll+0x52651]


---------------  P R O C E S S  ---------------

Threads class SMR info:
_java_thread_list=0x00007ffd32177a18, length=0, elements={
}

Java Threads: ( => current thread )

Other Threads:
  0x000002462d46db30 GCTaskThread "GC Thread#0" [stack: 0x000000dcdd400000,0x000000dcdd500000] [id=58860]
  0x000002462d47ea00 ConcurrentGCThread "G1 Main Marker" [stack: 0x000000dcdd500000,0x000000dcdd600000] [id=29184]
  0x000002462d47f410 ConcurrentGCThread "G1 Conc#0" [stack: 0x000000dcdd600000,0x000000dcdd700000] [id=56312]

[error occurred during error reporting (printing all threads), id 0xc0000005, EXCEPTION_ACCESS_VIOLATION (0xc0000005) at pc=0x00007ffd319a9b67]

VM state: not at safepoint (not fully initialized)

VM Mutex/Monitor currently owned by a thread:  ([mutex/lock_event])
[0x000002462d3b9e30] Heap_lock - owner thread: 0x000002462d3be210

Heap address: 0x0000000402000000, size: 16352 MB, Compressed Oops mode: Zero based, Oop shift amount: 3

CDS archive(s) mapped at: [0x0000000000000000-0x0000000000000000-0x0000000000000000), size 0, SharedBaseAddress: 0x0000000800000000, ArchiveRelocationMode: 1.
Narrow klass base: 0x0000000000000000, Narrow klass shift: 0, Narrow klass range: 0x0

GC Precious Log:
<Empty>

Heap:
 garbage-first heap   total 0K, used 0K [0x0000000402000000, 0x0000000800000000)
  region size 8192K, 0 young (0K), 0 survivors (0K)

[error occurred during error reporting (printing heap information), id 0xc0000005, EXCEPTION_ACCESS_VIOLATION (0xc0000005) at pc=0x00007ffd31d93859]

GC Heap History (0 events):
No events

Deoptimization events (0 events):
No events

Classes unloaded (0 events):
No events

Classes redefined (0 events):
No events

Internal exceptions (0 events):
No events

VM Operations (0 events):
No events

Events (1 events):
Event: 0.006 Loaded shared library C:\Program Files\Java\jdk-17\bin\java.dll


Dynamic libraries:
0x00007ff70d170000 - 0x00007ff70d180000 	C:\Program Files\Java\jdk-17\bin\java.exe
0x00007ffd86770000 - 0x00007ffd86965000 	C:\Windows\SYSTEM32\ntdll.dll
0x00007ffd86670000 - 0x00007ffd8672d000 	C:\Windows\System32\KERNEL32.DLL
0x00007ffd83fe0000 - 0x00007ffd842a9000 	C:\Windows\System32\KERNELBASE.dll
0x00007ffd83eb0000 - 0x00007ffd83fb0000 	C:\Windows\System32\ucrtbase.dll
0x00007ffd725d0000 - 0x00007ffd725eb000 	C:\Program Files\Java\jdk-17\bin\VCRUNTIME140.dll
0x00007ffd72ad0000 - 0x00007ffd72ae9000 	C:\Program Files\Java\jdk-17\bin\jli.dll
0x00007ffd84840000 - 0x00007ffd848ec000 	C:\Windows\System32\ADVAPI32.dll
0x00007ffd85750000 - 0x00007ffd857ee000 	C:\Windows\System32\msvcrt.dll
0x00007ffd865d0000 - 0x00007ffd8666b000 	C:\Windows\System32\sechost.dll
0x00007ffd85900000 - 0x00007ffd85a2a000 	C:\Windows\System32\RPCRT4.dll
0x00007ffd86430000 - 0x00007ffd865d0000 	C:\Windows\System32\USER32.dll
0x00007ffd844b0000 - 0x00007ffd844d2000 	C:\Windows\System32\win32u.dll
0x00007ffd71770000 - 0x00007ffd71a0a000 	C:\Windows\WinSxS\amd64_microsoft.windows.common-controls_6595b64144ccf1df_6.0.19041.1083_none_60bbe31371f34e71\COMCTL32.dll
0x00007ffd857f0000 - 0x00007ffd8581a000 	C:\Windows\System32\GDI32.dll
0x00007ffd845f0000 - 0x00007ffd846fb000 	C:\Windows\System32\gdi32full.dll
0x00007ffd84410000 - 0x00007ffd844ad000 	C:\Windows\System32\msvcp_win.dll
0x00007ffd7d860000 - 0x00007ffd7d86a000 	C:\Windows\SYSTEM32\VERSION.dll
0x00007ffd84810000 - 0x00007ffd84840000 	C:\Windows\System32\IMM32.DLL
0x00007ffd72aa0000 - 0x00007ffd72aac000 	C:\Program Files\Java\jdk-17\bin\vcruntime140_1.dll
0x00007ffd6a8a0000 - 0x00007ffd6a92e000 	C:\Program Files\Java\jdk-17\bin\msvcp140.dll
0x00007ffd316c0000 - 0x00007ffd322a0000 	C:\Program Files\Java\jdk-17\bin\server\jvm.dll
0x00007ffd847e0000 - 0x00007ffd847e8000 	C:\Windows\System32\PSAPI.DLL
0x00007ffd71740000 - 0x00007ffd71767000 	C:\Windows\SYSTEM32\WINMM.dll
0x00007ffd6e440000 - 0x00007ffd6e449000 	C:\Windows\SYSTEM32\WSOCK32.dll
0x00007ffd86200000 - 0x00007ffd8626b000 	C:\Windows\System32\WS2_32.dll
0x00007ffd82790000 - 0x00007ffd827a2000 	C:\Windows\SYSTEM32\kernel.appcore.dll
0x00007ffd723f0000 - 0x00007ffd723fa000 	C:\Program Files\Java\jdk-17\bin\jimage.dll
0x00007ffd819c0000 - 0x00007ffd81ba4000 	C:\Windows\SYSTEM32\DBGHELP.DLL
0x00007ffd6ee80000 - 0x00007ffd6eeac000 	C:\Windows\SYSTEM32\dbgcore.DLL
0x00007ffd84750000 - 0x00007ffd847d3000 	C:\Windows\System32\bcryptPrimitives.dll
0x00007ffd71e50000 - 0x00007ffd71e75000 	C:\Program Files\Java\jdk-17\bin\java.dll

dbghelp: loaded successfully - version: 4.0.5 - missing functions: none
symbol engine: initialized successfully - sym options: 0x614 - pdb path: .;C:\Program Files\Java\jdk-17\bin;C:\Windows\SYSTEM32;C:\Windows\WinSxS\amd64_microsoft.windows.common-controls_6595b64144ccf1df_6.0.19041.1083_none_60bbe31371f34e71;C:\Program Files\Java\jdk-17\bin\server

VM Arguments:
java_command: org.jetbrains.kotlin.cli.jvm.K2JVMCompiler @D:\k\CHMPST_main\node_modules\@invertase\react-native-apple-authentication\android\build\20260108_9924307510797983434.compiler.options
java_class_path (initial): C:\Users\alex\.gradle\caches\modules-2\files-2.1\org.jetbrains.kotlin\kotlin-compiler-embeddable\2.1.20\4ef56b3316798316bfac7a0ae443391c9e900ea1\kotlin-compiler-embeddable-2.1.20.jar;C:\Users\alex\.gradle\caches\modules-2\files-2.1\org.jetbrains.kotlin\kotlin-stdlib\2.1.20\aa8ca79cd50578314f6d1180c47cbe14c0fee567\kotlin-stdlib-2.1.20.jar;C:\Users\alex\.gradle\caches\modules-2\files-2.1\org.jetbrains.kotlin\kotlin-script-runtime\2.1.20\f7c623d7f7bdb01f5ccd6b437bc0a937fcd7c57e\kotlin-script-runtime-2.1.20.jar;C:\Users\alex\.gradle\caches\modules-2\files-2.1\org.jetbrains.kotlin\kotlin-reflect\1.6.10\1cbe9c92c12a94eea200d23c2bbaedaf3daf5132\kotlin-reflect-1.6.10.jar;C:\Users\alex\.gradle\caches\modules-2\files-2.1\org.jetbrains.kotlin\kotlin-daemon-embeddable\2.1.20\95670fce77befd02a70a0bc3abe8ee4533521334\kotlin-daemon-embeddable-2.1.20.jar;C:\Users\alex\.gradle\caches\modules-2\files-2.1\org.jetbrains.intellij.deps\trove4j\1.0.20200330\3afb14d5f9ceb459d724e907a21145e8ff394f02\trove4j-1.0.20200330.jar;C:\Users\alex\.gradle\caches\modules-2\files-2.1\org.jetbrains.kotlinx\kotlinx-coroutines-core-jvm\1.8.0\ac1dc37a30a93150b704022f8d895ee1bd3a36b3\kotlinx-coroutines-core-jvm-1.8.0.jar;C:\Users\alex\.gradle\caches\modules-2\files-2.1\org.jetbrains\annotations\13.0\919f0dfe192fb4e063e7dacadee7f8bb9a2672a9\annotations-13.0.jar
Launcher Type: SUN_STANDARD

[Global flags]
     intx CICompilerCount                          = 4                                         {product} {ergonomic}
     uint ConcGCThreads                            = 3                                         {product} {ergonomic}
     uint G1ConcRefinementThreads                  = 10                                        {product} {ergonomic}
   size_t G1HeapRegionSize                         = 8388608                                   {product} {ergonomic}
    uintx GCDrainStackTargetSize                   = 64                                        {product} {ergonomic}
   size_t InitialHeapSize                          = 1073741824                                {product} {ergonomic}
   size_t MarkStackSize                            = 4194304                                   {product} {ergonomic}
   size_t MaxHeapSize                              = 17146314752                               {product} {ergonomic}
   size_t MinHeapDeltaBytes                        = 8388608                                   {product} {ergonomic}
   size_t MinHeapSize                              = 8388608                                   {product} {ergonomic}
    uintx NonNMethodCodeHeapSize                   = 5839372                                {pd product} {ergonomic}
    uintx NonProfiledCodeHeapSize                  = 122909434                              {pd product} {ergonomic}
    uintx ProfiledCodeHeapSize                     = 122909434                              {pd product} {ergonomic}
    uintx ReservedCodeCacheSize                    = 251658240                              {pd product} {ergonomic}
     bool SegmentedCodeCache                       = true                                      {product} {ergonomic}
   size_t SoftMaxHeapSize                          = 17146314752                            {manageable} {ergonomic}
     bool UseCompressedClassPointers               = true                           {product lp64_product} {ergonomic}
     bool UseCompressedOops                        = true                           {product lp64_product} {ergonomic}
     bool UseG1GC                                  = true                                      {product} {ergonomic}
     bool UseLargePagesIndividualAllocation        = false                                  {pd product} {ergonomic}

Logging:
Log output configuration:
 #0: stdout all=warning uptime,level,tags
 #1: stderr all=off uptime,level,tags

Environment Variables:
JAVA_HOME=C:\Program Files\Java\jdk-17
PATH=C:\Users\alex\AppData\Local\Temp\yarn--1767882977412-0.14795230670821358;D:\k\chmpst_all\CHMPST_main\node_modules\.bin;C:\Users\alex\AppData\Local\Yarn\Data\link\node_modules\.bin;C:\Users\alex\AppData\Local\Yarn\bin;C:\nvm4w\libexec\lib\node_modules\npm\bin\node-gyp-bin;C:\nvm4w\lib\node_modules\npm\bin\node-gyp-bin;C:\nvm4w\nodejs\node_modules\npm\bin\node-gyp-bin;c:\Users\alex\AppData\Local\Programs\cursor\resources\app\bin;C:\Program Files\PlasticSCM5\server;C:\Program Files\PlasticSCM5\client;C:\Windows\system32;C:\Windows;C:\Windows\System32\Wbem;C:\Windows\System32\WindowsPowerShell\v1.0\;C:\Windows\System32\OpenSSH\;C:\ProgramData\chocolatey\bin;C:\Program Files\Java\jdk-17\bin;C:\Program Files\Bandizip\;D:\CORE_SYSTEM\flutter_windows_3.35.1-stable\flutter\bin;C:\ProgramData\ComposerSetup\bin;c:\Users\alex\AppData\Local\Programs\cursor\resources\app\bin;C:\Users\alex\AppData\Local\Android\Sdk\platform-tools;C:\Users\alex\AppData\Local\Android\Sdk\tools;C:\Users\alex\AppData\Local\Android\Sdk\tools\bin;C:\Users\root\AppData\Local\Microsoft\WindowsApps;C:\Program Files\Git\cmd;D:\satan\xampp_8.2.12\php;C:\Users\YourUsername\AppData\Local\Programs\Microsoft VS Code\bin;C:\Users\alex\AppData\Local\Android\Sdk\emulator;C:\Program Files\cursor\resources\app\bin;%NVM_HOME%;%NVM_SYMLINK%;C:\Users\alex\AppData\Local\Programs\Python\Python312\Scripts\;C:\Users\alex\AppData\Local\Programs\Python\Python312\;C:\Users\alex\AppData\Local\Android\Sdk\platform-tools;C:\Users\alex\AppData\Local\Android\Sdk\tools;C:\Users\alex\AppData\Local\Microsoft\WindowsApps;C:\Users\alex\AppData\Local\Programs\Git\cmd;C:\Users\alex\AppData\Local\Programs\Microsoft VS Code\bin;C:\Users\alex\AppData\Roaming\npm;C:\Users\alex\AppData\Local\GitHubDesktop\bin;C:\Users\alex\AppData\Roaming\Composer\vendor\bin;C:\Users\alex\AppData\Local\Programs\cursor\resources\app\bin;C:\Users\alex\AppData\Local\nvm;C:\nvm4w\nodejs
USERNAME=alex
LANG=en_US.UTF-8
OS=Windows_NT
PROCESSOR_IDENTIFIER=Intel64 Family 6 Model 158 Stepping 10, GenuineIntel



---------------  S Y S T E M  ---------------

OS:
 Windows 10 , 64 bit Build 19041 (10.0.19041.1023)
OS uptime: 62 days 4:26 hours

CPU: total 12 (initial active 12) (6 cores per cpu, 2 threads per core) family 6 model 158 stepping 10 microcode 0xb4, cx8, cmov, fxsr, ht, mmx, 3dnowpref, sse, sse2, sse3, ssse3, sse4.1, sse4.2, popcnt, lzcnt, tsc, tscinvbit, avx, avx2, aes, erms, clmul, bmi1, bmi2, rtm, adx, fma, vzeroupper, clflush, clflushopt

Memory: 4k page, system-wide physical 65406M (24841M free)
TotalPageFile size 69406M (AvailPageFile size 836M)
current process WorkingSet (physical memory assigned to process): 10M, peak: 10M
current process commit charge ("private bytes"): 64M, peak: 1088M

vm_info: Java HotSpot(TM) 64-Bit Server VM (17.0.12+8-LTS-286) for windows-amd64 JRE (17.0.12+8-LTS-286), built on Jun  5 2024 06:46:59 by "mach5one" with MS VC++ 17.6 (VS2022)

END.
